This is cutadapt 4.0 with Python 3.9.12
Command line parameters: -g CCTACGGGNGGCWGCAG -a GGATTAGATACCCBDGTAGTC -G GACTACHVGGGTATCTAATCC -A CTGCWGCCNCCCGTAGG --times 2 --error-rate 0.1 --minimum-length 10 --overlap 12 --discard-untrimmed --match-read-wildcards -o C:/Users/riri4/OneDrive/Documents/GitHub/Microbiome_analysis_pipeline/data/primer_removed/ERR13465687_R1_primerfree.fastq.gz -p C:/Users/riri4/OneDrive/Documents/GitHub/Microbiome_analysis_pipeline/data/primer_removed/ERR13465687_R2_primerfree.fastq.gz C:/Users/riri4/OneDrive/Documents/GitHub/Microbiome_analysis_pipeline/data/ERR13465687_1.fastq.gz C:/Users/riri4/OneDrive/Documents/GitHub/Microbiome_analysis_pipeline/data/ERR13465687_2.fastq.gz
Processing paired-end reads on 1 core ...
Finished in 82.43 s (89 µs/read; 0.68 M reads/minute).

=== Summary ===

Total read pairs processed:            929,194
  Read 1 with adapter:                 922,387 (99.3%)
  Read 2 with adapter:                 906,993 (97.6%)

== Read fate breakdown ==
Pairs that were too short:                 355 (0.0%)
Pairs discarded as untrimmed:           26,507 (2.9%)
Pairs written (passing filters):       902,332 (97.1%)

Total basepairs processed:   557,483,063 bp
  Read 1:   279,044,929 bp
  Read 2:   278,438,134 bp
Total written (filtered):    507,478,635 bp (91.0%)
  Read 1:   255,846,993 bp
  Read 2:   251,631,642 bp

=== First read: Adapter 1 ===

Sequence: CCTACGGGNGGCWGCAG; Type: regular 5'; Length: 17; Trimmed: 921077 times

Minimum overlap: 12
No. of allowed errors:
1-9 bp: 0; 10-16 bp: 1

Overview of removed sequences
length	count	expect	max.err	error counts
12	1	0.1	1	0 1
13	7	0.0	1	6 1
14	44	0.0	1	0 44
15	249	0.0	1	58 191
16	19861	0.0	1	2146 17715
17	898795	0.0	1	870582 28213
18	2094	0.0	1	223 1871
19	4	0.0	1	1 3
27	1	0.0	1	1
30	1	0.0	1	1
51	1	0.0	1	1
173	3	0.0	1	2 1
200	5	0.0	1	2 3
261	1	0.0	1	0 1
277	3	0.0	1	3
282	7	0.0	1	2 5


=== First read: Adapter 2 ===

Sequence: GGATTAGATACCCBDGTAGTC; Type: regular 3'; Length: 21; Trimmed: 2085 times

Minimum overlap: 12
No. of allowed errors:
1-9 bp: 0; 10-19 bp: 1; 20-21 bp: 2

Bases preceding removed adapters:
  A: 53.0%
  C: 5.6%
  G: 14.3%
  T: 10.9%
  none/other: 16.2%

Overview of removed sequences
length	count	expect	max.err	error counts
12	13	0.1	1	12 1
14	1	0.0	1	1
17	1	0.0	1	0 1
19	8	0.0	1	1 0 7
20	117	0.0	2	1 38 78
21	1414	0.0	2	956 271 187
22	24	0.0	2	0 6 18
24	10	0.0	2	6 3 1
25	17	0.0	2	8 4 5
26	3	0.0	2	1 1 1
31	3	0.0	2	0 0 3
32	1	0.0	2	0 0 1
33	7	0.0	2	4 0 3
35	338	0.0	2	337 1
36	2	0.0	2	0 1 1
37	2	0.0	2	1 0 1
38	1	0.0	2	0 0 1
39	1	0.0	2	0 0 1
40	1	0.0	2	0 0 1
45	1	0.0	2	0 0 1
47	1	0.0	2	0 0 1
53	2	0.0	2	0 0 2
54	1	0.0	2	0 1
55	1	0.0	2	0 0 1
57	1	0.0	2	0 1
58	3	0.0	2	1 1 1
59	2	0.0	2	0 0 2
64	1	0.0	2	0 1
66	2	0.0	2	1 1
70	1	0.0	2	0 0 1
73	2	0.0	2	0 1 1
75	1	0.0	2	1
76	2	0.0	2	1 0 1
83	1	0.0	2	1
85	1	0.0	2	0 1
91	2	0.0	2	0 2
94	53	0.0	2	21 22 10
95	1	0.0	2	0 1
96	1	0.0	2	1
98	1	0.0	2	0 0 1
99	1	0.0	2	0 1
102	1	0.0	2	0 0 1
104	4	0.0	2	0 1 3
113	2	0.0	2	0 1 1
115	1	0.0	2	0 1
122	1	0.0	2	0 1
132	1	0.0	2	0 0 1
134	1	0.0	2	0 0 1
135	1	0.0	2	0 1
138	1	0.0	2	0 0 1
139	1	0.0	2	0 1
142	1	0.0	2	0 0 1
146	1	0.0	2	1
147	1	0.0	2	0 0 1
154	1	0.0	2	1
155	1	0.0	2	0 0 1
156	7	0.0	2	3 1 3
160	1	0.0	2	0 0 1
162	1	0.0	2	0 1
164	1	0.0	2	0 0 1
167	1	0.0	2	0 0 1
184	1	0.0	2	0 0 1
187	3	0.0	2	0 2 1
189	1	0.0	2	0 0 1
191	1	0.0	2	0 0 1
217	1	0.0	2	0 0 1
219	1	0.0	2	0 0 1
270	1	0.0	2	0 1


=== Second read: Adapter 3 ===

Sequence: GACTACHVGGGTATCTAATCC; Type: regular 5'; Length: 21; Trimmed: 905771 times

Minimum overlap: 12
No. of allowed errors:
1-9 bp: 0; 10-19 bp: 1; 20-21 bp: 2

Overview of removed sequences
length	count	expect	max.err	error counts
13	2	0.0	1	2
14	334	0.0	1	334
15	2	0.0	1	2
16	8	0.0	1	7 1
17	10	0.0	1	5 5
18	94	0.0	1	8 85 1
19	1130	0.0	1	42 183 905
20	20370	0.0	2	1876 17121 1373
21	880153	0.0	2	830788 34716 14649
22	3631	0.0	2	144 3248 239
23	19	0.0	2	1 0 18
24	3	0.0	2	1 1 1
25	5	0.0	2	2 1 2
27	2	0.0	2	2
28	1	0.0	2	1
29	1	0.0	2	1
32	2	0.0	2	1 1
35	1	0.0	2	1
39	1	0.0	2	0 0 1
43	2	0.0	2	1 1


=== Second read: Adapter 4 ===

Sequence: CTGCWGCCNCCCGTAGG; Type: regular 3'; Length: 17; Trimmed: 2196 times

Minimum overlap: 12
No. of allowed errors:
1-9 bp: 0; 10-16 bp: 1

Bases preceding removed adapters:
  A: 26.1%
  C: 43.8%
  G: 16.7%
  T: 13.4%
  none/other: 0.0%

Overview of removed sequences
length	count	expect	max.err	error counts
11	1	0.2	1	0 1
12	2	0.1	1	0 2
13	9	0.0	1	1 8
14	3	0.0	1	1 2
15	3	0.0	1	0 3
16	767	0.0	1	1 766
17	1019	0.0	1	441 578
18	54	0.0	1	1 53
19	11	0.0	1	6 5
20	18	0.0	1	7 11
21	19	0.0	1	7 12
22	5	0.0	1	0 5
23	5	0.0	1	0 5
24	1	0.0	1	0 1
26	1	0.0	1	0 1
27	1	0.0	1	0 1
28	2	0.0	1	0 2
29	14	0.0	1	4 10
31	7	0.0	1	5 2
32	6	0.0	1	2 4
34	2	0.0	1	0 2
36	2	0.0	1	0 2
38	1	0.0	1	0 1
39	1	0.0	1	0 1
43	1	0.0	1	0 1
45	2	0.0	1	1 1
46	3	0.0	1	1 2
47	2	0.0	1	0 2
48	1	0.0	1	0 1
51	4	0.0	1	0 4
52	3	0.0	1	0 3
54	3	0.0	1	0 3
55	7	0.0	1	2 5
56	2	0.0	1	1 1
58	2	0.0	1	2
59	3	0.0	1	1 2
60	1	0.0	1	1
62	1	0.0	1	0 1
63	2	0.0	1	0 2
64	3	0.0	1	0 3
65	3	0.0	1	1 2
66	2	0.0	1	0 2
67	4	0.0	1	1 3
68	11	0.0	1	4 7
69	1	0.0	1	0 1
70	6	0.0	1	3 3
71	5	0.0	1	3 2
72	5	0.0	1	1 4
73	27	0.0	1	10 17
74	3	0.0	1	0 3
75	5	0.0	1	2 3
76	1	0.0	1	1
77	1	0.0	1	0 1
78	1	0.0	1	1
79	2	0.0	1	0 2
80	3	0.0	1	1 2
81	2	0.0	1	0 2
82	1	0.0	1	0 1
86	1	0.0	1	0 1
87	1	0.0	1	0 1
88	4	0.0	1	0 4
89	1	0.0	1	0 1
90	3	0.0	1	2 1
91	2	0.0	1	0 2
92	1	0.0	1	1
93	1	0.0	1	0 1
94	1	0.0	1	0 1
95	1	0.0	1	0 1
96	1	0.0	1	0 1
97	1	0.0	1	0 1
99	1	0.0	1	0 1
100	1	0.0	1	0 1
101	2	0.0	1	0 2
104	3	0.0	1	2 1
105	1	0.0	1	0 1
106	3	0.0	1	0 3
107	2	0.0	1	0 2
109	2	0.0	1	1 1
110	1	0.0	1	0 1
111	2	0.0	1	1 1
113	1	0.0	1	0 1
115	3	0.0	1	1 2
116	3	0.0	1	1 2
117	3	0.0	1	1 2
118	1	0.0	1	0 1
119	1	0.0	1	0 1
121	2	0.0	1	1 1
122	2	0.0	1	0 2
123	2	0.0	1	0 2
124	1	0.0	1	0 1
125	1	0.0	1	0 1
126	1	0.0	1	0 1
128	4	0.0	1	0 4
130	1	0.0	1	1
131	1	0.0	1	0 1
132	3	0.0	1	0 3
133	4	0.0	1	0 4
134	4	0.0	1	0 4
136	1	0.0	1	0 1
137	1	0.0	1	0 1
138	3	0.0	1	0 3
140	1	0.0	1	0 1
148	4	0.0	1	0 4
149	1	0.0	1	0 1
150	2	0.0	1	1 1
152	3	0.0	1	1 2
155	1	0.0	1	0 1
156	2	0.0	1	0 2
157	1	0.0	1	0 1
159	4	0.0	1	0 4
161	1	0.0	1	1
162	1	0.0	1	0 1
167	1	0.0	1	0 1
173	1	0.0	1	0 1
176	1	0.0	1	0 1
178	1	0.0	1	0 1
181	1	0.0	1	1
183	2	0.0	1	0 2
184	2	0.0	1	0 2
185	1	0.0	1	0 1
186	1	0.0	1	0 1
194	1	0.0	1	0 1
199	1	0.0	1	0 1
205	1	0.0	1	0 1
221	1	0.0	1	1
237	1	0.0	1	0 1
238	1	0.0	1	0 1
245	1	0.0	1	0 1
273	1	0.0	1	0 1
